Archive member included to satisfy reference by file (symbol)

/Applications/Simplicity Studio.app/Contents/Eclipse/developer/toolchains/gnu_arm/7.2_2017q4/bin/../lib/gcc/arm-none-eabi/7.2.1/thumb/v8-m.main/fpv5-sp/softfp/libgcc.a(_arm_addsubdf3.o)
                              ./src/single_iadc.o (__aeabi_ui2d)
/Applications/Simplicity Studio.app/Contents/Eclipse/developer/toolchains/gnu_arm/7.2_2017q4/bin/../lib/gcc/arm-none-eabi/7.2.1/thumb/v8-m.main/fpv5-sp/softfp/libgcc.a(_arm_muldivdf3.o)
                              ./src/single_iadc.o (__aeabi_dmul)
/Applications/Simplicity Studio.app/Contents/Eclipse/developer/toolchains/gnu_arm/7.2_2017q4/bin/../lib/gcc/arm-none-eabi/7.2.1/../../../../arm-none-eabi/lib/thumb/v8-m.main/fpv5-sp/softfp/libc_nano.a(lib_a-exit.o)
                              /Applications/Simplicity Studio.app/Contents/Eclipse/developer/toolchains/gnu_arm/7.2_2017q4/bin/../lib/gcc/arm-none-eabi/7.2.1/../../../../arm-none-eabi/lib/thumb/v8-m.main/fpv5-sp/softfp/crt0.o (exit)
/Applications/Simplicity Studio.app/Contents/Eclipse/developer/toolchains/gnu_arm/7.2_2017q4/bin/../lib/gcc/arm-none-eabi/7.2.1/../../../../arm-none-eabi/lib/thumb/v8-m.main/fpv5-sp/softfp/libc_nano.a(lib_a-impure.o)
                              /Applications/Simplicity Studio.app/Contents/Eclipse/developer/toolchains/gnu_arm/7.2_2017q4/bin/../lib/gcc/arm-none-eabi/7.2.1/../../../../arm-none-eabi/lib/thumb/v8-m.main/fpv5-sp/softfp/libc_nano.a(lib_a-exit.o) (_global_impure_ptr)
/Applications/Simplicity Studio.app/Contents/Eclipse/developer/toolchains/gnu_arm/7.2_2017q4/bin/../lib/gcc/arm-none-eabi/7.2.1/../../../../arm-none-eabi/lib/thumb/v8-m.main/fpv5-sp/softfp/libc_nano.a(lib_a-init.o)
                              /Applications/Simplicity Studio.app/Contents/Eclipse/developer/toolchains/gnu_arm/7.2_2017q4/bin/../lib/gcc/arm-none-eabi/7.2.1/../../../../arm-none-eabi/lib/thumb/v8-m.main/fpv5-sp/softfp/crt0.o (__libc_init_array)
/Applications/Simplicity Studio.app/Contents/Eclipse/developer/toolchains/gnu_arm/7.2_2017q4/bin/../lib/gcc/arm-none-eabi/7.2.1/../../../../arm-none-eabi/lib/thumb/v8-m.main/fpv5-sp/softfp/libc_nano.a(lib_a-memset.o)
                              /Applications/Simplicity Studio.app/Contents/Eclipse/developer/toolchains/gnu_arm/7.2_2017q4/bin/../lib/gcc/arm-none-eabi/7.2.1/../../../../arm-none-eabi/lib/thumb/v8-m.main/fpv5-sp/softfp/crt0.o (memset)
/Applications/Simplicity Studio.app/Contents/Eclipse/developer/toolchains/gnu_arm/7.2_2017q4/bin/../lib/gcc/arm-none-eabi/7.2.1/../../../../arm-none-eabi/lib/thumb/v8-m.main/fpv5-sp/softfp/libnosys.a(_exit.o)
                              /Applications/Simplicity Studio.app/Contents/Eclipse/developer/toolchains/gnu_arm/7.2_2017q4/bin/../lib/gcc/arm-none-eabi/7.2.1/../../../../arm-none-eabi/lib/thumb/v8-m.main/fpv5-sp/softfp/libc_nano.a(lib_a-exit.o) (_exit)

Allocating common symbols
Common symbol       size              file

descriptor          0x10              ./src/main_scan_ldma.o
descLink            0x20              ./src/single_iadc.o
scanBuffer          0x1000            ./src/main_scan_ldma.o
pongBuffer          0xc8              ./src/single_iadc.o
pingBuffer          0xc8              ./src/single_iadc.o
singleFlag          0x1               ./src/main_scan_ldma.o

Discarded input sections

 .text          0x0000000000000000        0x0 /Applications/Simplicity Studio.app/Contents/Eclipse/developer/toolchains/gnu_arm/7.2_2017q4/bin/../lib/gcc/arm-none-eabi/7.2.1/thumb/v8-m.main/fpv5-sp/softfp/crti.o
 .data          0x0000000000000000        0x0 /Applications/Simplicity Studio.app/Contents/Eclipse/developer/toolchains/gnu_arm/7.2_2017q4/bin/../lib/gcc/arm-none-eabi/7.2.1/thumb/v8-m.main/fpv5-sp/softfp/crti.o
 .bss           0x0000000000000000        0x0 /Applications/Simplicity Studio.app/Contents/Eclipse/developer/toolchains/gnu_arm/7.2_2017q4/bin/../lib/gcc/arm-none-eabi/7.2.1/thumb/v8-m.main/fpv5-sp/softfp/crti.o
 .data          0x0000000000000000        0x4 /Applications/Simplicity Studio.app/Contents/Eclipse/developer/toolchains/gnu_arm/7.2_2017q4/bin/../lib/gcc/arm-none-eabi/7.2.1/thumb/v8-m.main/fpv5-sp/softfp/crtbegin.o
 .data          0x0000000000000000        0x0 /Applications/Simplicity Studio.app/Contents/Eclipse/developer/toolchains/gnu_arm/7.2_2017q4/bin/../lib/gcc/arm-none-eabi/7.2.1/../../../../arm-none-eabi/lib/thumb/v8-m.main/fpv5-sp/softfp/crt0.o
 .bss           0x0000000000000000        0x0 /Applications/Simplicity Studio.app/Contents/Eclipse/developer/toolchains/gnu_arm/7.2_2017q4/bin/../lib/gcc/arm-none-eabi/7.2.1/../../../../arm-none-eabi/lib/thumb/v8-m.main/fpv5-sp/softfp/crt0.o
 .ARM.extab     0x0000000000000000        0x0 /Applications/Simplicity Studio.app/Contents/Eclipse/developer/toolchains/gnu_arm/7.2_2017q4/bin/../lib/gcc/arm-none-eabi/7.2.1/../../../../arm-none-eabi/lib/thumb/v8-m.main/fpv5-sp/softfp/crt0.o
 .data          0x0000000000000000        0x0 ./CMSIS/EFR32MG21/startup_efr32mg21.o
[...]
Memory Configuration

Name             Origin             Length             Attributes
FLASH            0x0000000000000000 0x0000000000100000 xr
RAM              0x0000000020000000 0x0000000000018000 xrw
*default*        0x0000000000000000 0xffffffffffffffff

Linker script and memory map

LOAD /Applications/Simplicity Studio.app/Contents/Eclipse/developer/toolchains/gnu_arm/7.2_2017q4/bin/../lib/gcc/arm-none-eabi/7.2.1/thumb/v8-m.main/fpv5-sp/softfp/crti.o
LOAD /Applications/Simplicity Studio.app/Contents/Eclipse/developer/toolchains/gnu_arm/7.2_2017q4/bin/../lib/gcc/arm-none-eabi/7.2.1/thumb/v8-m.main/fpv5-sp/softfp/crtbegin.o
LOAD /Applications/Simplicity Studio.app/Contents/Eclipse/developer/toolchains/gnu_arm/7.2_2017q4/bin/../lib/gcc/arm-none-eabi/7.2.1/../../../../arm-none-eabi/lib/thumb/v8-m.main/fpv5-sp/softfp/crt0.o
LOAD ./CMSIS/EFR32MG21/startup_efr32mg21.o
LOAD ./CMSIS/EFR32MG21/system_efr32mg21.o
LOAD ./emlib/em_cmu.o
LOAD ./emlib/em_core.o
LOAD ./emlib/em_emu.o
LOAD ./emlib/em_gpio.o
LOAD ./emlib/em_iadc.o
LOAD ./emlib/em_ldma.o
LOAD ./emlib/em_system.o
LOAD ./src/main_scan_ldma.o
LOAD ./src/single_iadc.o
START GROUP
LOAD /Applications/Simplicity Studio.app/Contents/Eclipse/developer/toolchains/gnu_arm/7.2_2017q4/bin/../lib/gcc/arm-none-eabi/7.2.1/thumb/v8-m.main/fpv5-sp/softfp/libgcc.a
LOAD /Applications/Simplicity Studio.app/Contents/Eclipse/developer/toolchains/gnu_arm/7.2_2017q4/bin/../lib/gcc/arm-none-eabi/7.2.1/../../../../arm-none-eabi/lib/thumb/v8-m.main/fpv5-sp/softfp/libc_nano.a
LOAD /Applications/Simplicity Studio.app/Contents/Eclipse/developer/toolchains/gnu_arm/7.2_2017q4/bin/../lib/gcc/arm-none-eabi/7.2.1/../../../../arm-none-eabi/lib/thumb/v8-m.main/fpv5-sp/softfp/libnosys.a
END GROUP
START GROUP
LOAD /Applications/Simplicity Studio.app/Contents/Eclipse/developer/toolchains/gnu_arm/7.2_2017q4/bin/../lib/gcc/arm-none-eabi/7.2.1/thumb/v8-m.main/fpv5-sp/softfp/libgcc.a
LOAD /Applications/Simplicity Studio.app/Contents/Eclipse/developer/toolchains/gnu_arm/7.2_2017q4/bin/../lib/gcc/arm-none-eabi/7.2.1/../../../../arm-none-eabi/lib/thumb/v8-m.main/fpv5-sp/softfp/libg_nano.a
LOAD /Applications/Simplicity Studio.app/Contents/Eclipse/developer/toolchains/gnu_arm/7.2_2017q4/bin/../lib/gcc/arm-none-eabi/7.2.1/../../../../arm-none-eabi/lib/thumb/v8-m.main/fpv5-sp/softfp/libc_nano.a
END GROUP
START GROUP
LOAD /Applications/Simplicity Studio.app/Contents/Eclipse/developer/toolchains/gnu_arm/7.2_2017q4/bin/../lib/gcc/arm-none-eabi/7.2.1/thumb/v8-m.main/fpv5-sp/softfp/libgcc.a
LOAD /Applications/Simplicity Studio.app/Contents/Eclipse/developer/toolchains/gnu_arm/7.2_2017q4/bin/../lib/gcc/arm-none-eabi/7.2.1/../../../../arm-none-eabi/lib/thumb/v8-m.main/fpv5-sp/softfp/libc_nano.a
END GROUP
LOAD /Applications/Simplicity Studio.app/Contents/Eclipse/developer/toolchains/gnu_arm/7.2_2017q4/bin/../lib/gcc/arm-none-eabi/7.2.1/thumb/v8-m.main/fpv5-sp/softfp/crtend.o
LOAD /Applications/Simplicity Studio.app/Contents/Eclipse/developer/toolchains/gnu_arm/7.2_2017q4/bin/../lib/gcc/arm-none-eabi/7.2.1/thumb/v8-m.main/fpv5-sp/softfp/crtn.o

.text           0x0000000000000000     0x1f60
 *(.vectors)
 .vectors       0x0000000000000000      0x134 ./CMSIS/EFR32MG21/startup_efr32mg21.o
                0x0000000000000000                __Vectors
                0x0000000000000134                __Vectors_End = .
                0x0000000000000134                __Vectors_Size = (__Vectors_End - __Vectors)
                0x0000000000000134                __end__ = .
 *(.text*)
 .text          0x0000000000000134       0x40 /Applications/Simplicity Studio.app/Contents/Eclipse/developer/toolchains/gnu_arm/7.2_2017q4/bin/../lib/gcc/arm-none-eabi/7.2.1/thumb/v8-m.main/fpv5-sp/softfp/crtbegin.o
 .text          0x0000000000000174       0x74 /Applications/Simplicity Studio.app/Contents/Eclipse/developer/toolchains/gnu_arm/7.2_2017q4/bin/../lib/gcc/arm-none-eabi/7.2.1/../../../../arm-none-eabi/lib/thumb/v8-m.main/fpv5-sp/softfp/crt0.o
                0x0000000000000174                _mainCRTStartup
                0x0000000000000174                _start
 .text          0x00000000000001e8       0x30 ./CMSIS/EFR32MG21/startup_efr32mg21.o
                0x00000000000001e8                Reset_Handler
                0x0000000000000214                SW2_IRQHandler
                0x0000000000000214                TIMER2_IRQHandler
                0x0000000000000214                DebugMon_Handler
                0x0000000000000214                USART0_TX_IRQHandler
                0x0000000000000214                PRORTC_IRQHandler
                0x0000000000000214                I2C0_IRQHandler
                0x0000000000000214                LFXO_IRQHandler
                0x0000000000000214                HardFault_Handler
                0x0000000000000214                SMU_SECURE_IRQHandler
                0x0000000000000214                SysTick_Handler
                0x0000000000000214                USART1_RX_IRQHandler
                0x0000000000000214                PendSV_Handler
                0x0000000000000214                NMI_Handler
                0x0000000000000214                SYNTH_IRQHandler
                0x0000000000000214                I2C1_IRQHandler
                0x0000000000000214                WDOG0_IRQHandler
                0x0000000000000214                TIMER3_IRQHandler
                0x0000000000000214                SYSCFG_IRQHandler
                0x0000000000000214                EMUSE_IRQHandler
                0x0000000000000214                EMUDG_IRQHandler
                0x0000000000000214                USART1_TX_IRQHandler
                0x0000000000000214                SMU_PRIVILEGED_IRQHandler
                0x0000000000000214                MSC_IRQHandler
                0x0000000000000214                DPLL0_IRQHandler
                0x0000000000000214                UsageFault_Handler
                0x0000000000000214                WDOG1_IRQHandler
                0x0000000000000214                M33CTI1_IRQHandler
                0x0000000000000214                GPIO_EVEN_IRQHandler
                0x0000000000000214                SEMBTX_IRQHandler
                0x0000000000000214                SW0_IRQHandler
                0x0000000000000214                TIMER0_IRQHandler
                0x0000000000000214                LETIMER0_IRQHandler
                0x0000000000000214                TIMER1_IRQHandler
                0x0000000000000214                HFRCO0_IRQHandler
                0x0000000000000214                BUFC_IRQHandler
                0x0000000000000214                MODEM_IRQHandler
                0x0000000000000214                USART2_RX_IRQHandler
                0x0000000000000214                Default_Handler
                0x0000000000000214                RAC_SEQ_IRQHandler
                0x0000000000000214                FRC_PRI_IRQHandler
                0x0000000000000214                SW3_IRQHandler
                0x0000000000000214                EMU_IRQHandler
                0x0000000000000214                KERNEL0_IRQHandler
                0x0000000000000214                FRC_IRQHandler
                0x0000000000000214                KERNEL1_IRQHandler
                0x0000000000000214                AGC_IRQHandler
                0x0000000000000214                HFRCOEM23_IRQHandler
                0x0000000000000214                sl_app_properties
                0x0000000000000214                BURTC_IRQHandler
                0x0000000000000214                SEMBRX_IRQHandler
                0x0000000000000214                LFRCO_IRQHandler
                0x0000000000000214                ACMP0_IRQHandler
                0x0000000000000214                USART0_RX_IRQHandler
                0x0000000000000214                MemManage_Handler
                0x0000000000000214                SVC_Handler
                0x0000000000000214                RTCC_IRQHandler
                0x0000000000000214                HFXO00_IRQHandler
                0x0000000000000214                SW1_IRQHandler
                0x0000000000000214                CMU_IRQHandler
                0x0000000000000214                RAC_RSM_IRQHandler
                0x0000000000000214                SETAMPERHOST_IRQHandler
                0x0000000000000214                GPIO_ODD_IRQHandler
                0x0000000000000214                AES_IRQHandler
                0x0000000000000214                M33CTI0_IRQHandler
                0x0000000000000214                ICACHE0_IRQHandler
                0x0000000000000214                PROTIMER_IRQHandler
                0x0000000000000214                ACMP1_IRQHandler
                0x0000000000000214                BusFault_Handler
                0x0000000000000214                ULFRCO_IRQHandler
                0x0000000000000214                USART2_TX_IRQHandler
 .text.SystemInit
                0x0000000000000218       0x1c ./CMSIS/EFR32MG21/system_efr32mg21.o
                0x0000000000000218                SystemInit
 .text.SystemSYSCLKGet
                0x0000000000000234       0x38 ./CMSIS/EFR32MG21/system_efr32mg21.o
                0x0000000000000234                SystemSYSCLKGet
 .text.SystemHCLKGet
                0x000000000000026c       0x4c ./CMSIS/EFR32MG21/system_efr32mg21.o
                0x000000000000026c                SystemHCLKGet
 .text.SystemMaxCoreClockGet
                0x00000000000002b8        0x8 ./CMSIS/EFR32MG21/system_efr32mg21.o
                0x00000000000002b8                SystemMaxCoreClockGet
 .text.SystemHFXOClockGet
                0x00000000000002c0        0xc ./CMSIS/EFR32MG21/system_efr32mg21.o
                0x00000000000002c0                SystemHFXOClockGet
 .text.SystemHFRCODPLLClockGet
                0x00000000000002cc        0xc ./CMSIS/EFR32MG21/system_efr32mg21.o
                0x00000000000002cc                SystemHFRCODPLLClockGet
 .text.SystemHFRCODPLLClockSet
                0x00000000000002d8        0xc ./CMSIS/EFR32MG21/system_efr32mg21.o
                0x00000000000002d8                SystemHFRCODPLLClockSet
 .text.SystemCLKIN0Get
                0x00000000000002e4        0x4 ./CMSIS/EFR32MG21/system_efr32mg21.o
                0x00000000000002e4                SystemCLKIN0Get
 .text.SystemFSRCOClockGet
                0x00000000000002e8        0x8 ./CMSIS/EFR32MG21/system_efr32mg21.o
                0x00000000000002e8                SystemFSRCOClockGet
 .text.SystemHFRCOEM23ClockGet
                0x00000000000002f0       0x88 ./CMSIS/EFR32MG21/system_efr32mg21.o
                0x00000000000002f0                SystemHFRCOEM23ClockGet
 .text.SystemLFRCOClockGet
                0x0000000000000378        0x8 ./CMSIS/EFR32MG21/system_efr32mg21.o
                0x0000000000000378                SystemLFRCOClockGet
 .text.SystemULFRCOClockGet
                0x0000000000000380        0x8 ./CMSIS/EFR32MG21/system_efr32mg21.o
                0x0000000000000380                SystemULFRCOClockGet
 .text.SystemLFXOClockGet
                0x0000000000000388        0xc ./CMSIS/EFR32MG21/system_efr32mg21.o
                0x0000000000000388                SystemLFXOClockGet
 .text.HFRCODPLLDevinfoGet
                0x0000000000000394       0xf4 ./emlib/em_cmu.o
 .text.em01GrpaClkGet
                0x0000000000000488       0x50 ./emlib/em_cmu.o
 .text.iadcClkGet
                0x00000000000004d8       0x54 ./emlib/em_cmu.o
 .text.em23GrpaClkGet
                0x000000000000052c       0x48 ./emlib/em_cmu.o
 .text.em4GrpaClkGet
                0x0000000000000574       0x48 ./emlib/em_cmu.o
 .text.wdog0ClkGet
                0x00000000000005bc       0x54 ./emlib/em_cmu.o
 .text.wdog1ClkGet
                0x0000000000000610       0x54 ./emlib/em_cmu.o
 .text.rtccClkGet
                0x0000000000000664       0x48 ./emlib/em_cmu.o
 .text.dpllRefClkGet
                0x00000000000006ac       0x48 ./emlib/em_cmu.o
 .text.flashWaitStateControl.isra.0
                0x00000000000006f4       0x68 ./emlib/em_cmu.o
 .text.CMU_ClockFreqGet
                0x000000000000075c      0x108 ./emlib/em_cmu.o
                0x000000000000075c                CMU_ClockFreqGet
 .text.pclkDivOptimize
                0x0000000000000864       0x2c ./emlib/em_cmu.o
 .text.CMU_ClockSelectGet
                0x0000000000000890      0x10c ./emlib/em_cmu.o
                0x0000000000000890                CMU_ClockSelectGet
 .text.CMU_ClockSelectSet
                0x000000000000099c      0x214 ./emlib/em_cmu.o
                0x000000000000099c                CMU_ClockSelectSet
 .text.CMU_HFRCODPLLBandSet
                0x0000000000000bb0       0x98 ./emlib/em_cmu.o
                0x0000000000000bb0                CMU_HFRCODPLLBandSet
 .text.CORE_ExitCritical
                0x0000000000000c48        0x8 ./emlib/em_core.o
                0x0000000000000c48                CORE_ExitCritical
 .text.CORE_EnterAtomic
                0x0000000000000c50        0x8 ./emlib/em_core.o
                0x0000000000000c50                CORE_EnterAtomic
 .text.CORE_ExitAtomic
                0x0000000000000c58        0x4 ./emlib/em_core.o
                0x0000000000000c58                CORE_ExitAtomic
 .text.GPIO_PinModeSet
                0x0000000000000c5c       0x98 ./emlib/em_gpio.o
                0x0000000000000c5c                GPIO_PinModeSet
 .text.IADC_initSingle
                0x0000000000000cf4       0x9c ./emlib/em_iadc.o
                0x0000000000000cf4                IADC_initSingle
 .text.IADC_reset
                0x0000000000000d90       0xbc ./emlib/em_iadc.o
                0x0000000000000d90                IADC_reset
 .text.IADC_calcSrcClkPrescale
                0x0000000000000e4c       0x30 ./emlib/em_iadc.o
                0x0000000000000e4c                IADC_calcSrcClkPrescale
 .text.IADC_calcAdcClkPrescale
                0x0000000000000e7c       0x4c ./emlib/em_iadc.o
                0x0000000000000e7c                IADC_calcAdcClkPrescale
 .text.IADC_init
                0x0000000000000ec8      0x310 ./emlib/em_iadc.o
                0x0000000000000ec8                IADC_init
 .text.IADC_pullSingleFifoResult
                0x00000000000011d8       0x34 ./emlib/em_iadc.o
                0x00000000000011d8                IADC_pullSingleFifoResult
 .text.LDMA_Init
                0x000000000000120c       0x64 ./emlib/em_ldma.o
                0x000000000000120c                LDMA_Init
 .text.LDMA_StartTransfer
                0x0000000000001270       0xa0 ./emlib/em_ldma.o
                0x0000000000001270                LDMA_StartTransfer
 .text.SYSTEM_ChipRevisionGet
                0x0000000000001310       0x1c ./emlib/em_system.o
                0x0000000000001310                SYSTEM_ChipRevisionGet
 .text.LDMA_IRQHandler
                0x000000000000132c       0x3c ./src/main_scan_ldma.o
                0x000000000000132c                LDMA_IRQHandler
 .text.startup.main
                0x0000000000001368       0xc8 ./src/main_scan_ldma.o
                0x0000000000001368                main
 .text.initSingleIADC
                0x0000000000001430       0xe8 ./src/single_iadc.o
                0x0000000000001430                initSingleIADC
 .text.IADC_IRQHandler
                0x0000000000001518       0x98 ./src/single_iadc.o
                0x0000000000001518                IADC_IRQHandler
 .text.initLdmaPingPong
                0x00000000000015b0       0xbc ./src/single_iadc.o
                0x00000000000015b0                initLdmaPingPong
 .text.LDMAPingPongHandler
                0x000000000000166c       0x20 ./src/single_iadc.o
                0x000000000000166c                LDMAPingPongHandler
 .text          0x000000000000168c      0x378 /Applications/Simplicity Studio.app/Contents/Eclipse/developer/toolchains/gnu_arm/7.2_2017q4/bin/../lib/gcc/arm-none-eabi/7.2.1/thumb/v8-m.main/fpv5-sp/softfp/libgcc.a(_arm_addsubdf3.o)
                0x000000000000168c                __aeabi_drsub
                0x0000000000001694                __subdf3
                0x0000000000001694                __aeabi_dsub
                0x0000000000001698                __aeabi_dadd
                0x0000000000001698                __adddf3
                0x0000000000001910                __aeabi_ui2d
                0x0000000000001910                __floatunsidf
                0x0000000000001930                __floatsidf
                0x0000000000001930                __aeabi_i2d
                0x0000000000001954                __extendsfdf2
                0x0000000000001954                __aeabi_f2d
                0x0000000000001998                __aeabi_ul2d
                0x0000000000001998                __floatundidf
                0x00000000000019a8                __aeabi_l2d
                0x00000000000019a8                __floatdidf
 .text          0x0000000000001a04      0x424 /Applications/Simplicity Studio.app/Contents/Eclipse/developer/toolchains/gnu_arm/7.2_2017q4/bin/../lib/gcc/arm-none-eabi/7.2.1/thumb/v8-m.main/fpv5-sp/softfp/libgcc.a(_arm_muldivdf3.o)
                0x0000000000001a04                __aeabi_dmul
                0x0000000000001a04                __muldf3
                0x0000000000001c58                __aeabi_ddiv
                0x0000000000001c58                __divdf3
 .text.exit     0x0000000000001e28       0x28 /Applications/Simplicity Studio.app/Contents/Eclipse/developer/toolchains/gnu_arm/7.2_2017q4/bin/../lib/gcc/arm-none-eabi/7.2.1/../../../../arm-none-eabi/lib/thumb/v8-m.main/fpv5-sp/softfp/libc_nano.a(lib_a-exit.o)
                0x0000000000001e28                exit
 .text.__libc_init_array
                0x0000000000001e50       0x48 /Applications/Simplicity Studio.app/Contents/Eclipse/developer/toolchains/gnu_arm/7.2_2017q4/bin/../lib/gcc/arm-none-eabi/7.2.1/../../../../arm-none-eabi/lib/thumb/v8-m.main/fpv5-sp/softfp/libc_nano.a(lib_a-init.o)
                0x0000000000001e50                __libc_init_array
 .text.memset   0x0000000000001e98       0x10 /Applications/Simplicity Studio.app/Contents/Eclipse/developer/toolchains/gnu_arm/7.2_2017q4/bin/../lib/gcc/arm-none-eabi/7.2.1/../../../../arm-none-eabi/lib/thumb/v8-m.main/fpv5-sp/softfp/libc_nano.a(lib_a-memset.o)
                0x0000000000001e98                memset
 .text._exit    0x0000000000001ea8        0x4 /Applications/Simplicity Studio.app/Contents/Eclipse/developer/toolchains/gnu_arm/7.2_2017q4/bin/../lib/gcc/arm-none-eabi/7.2.1/../../../../arm-none-eabi/lib/thumb/v8-m.main/fpv5-sp/softfp/libnosys.a(_exit.o)
                0x0000000000001ea8                _exit
 *(.init)
 .init          0x0000000000001eac        0x4 /Applications/Simplicity Studio.app/Contents/Eclipse/developer/toolchains/gnu_arm/7.2_2017q4/bin/../lib/gcc/arm-none-eabi/7.2.1/thumb/v8-m.main/fpv5-sp/softfp/crti.o
                0x0000000000001eac                _init
 .init          0x0000000000001eb0        0x8 /Applications/Simplicity Studio.app/Contents/Eclipse/developer/toolchains/gnu_arm/7.2_2017q4/bin/../lib/gcc/arm-none-eabi/7.2.1/thumb/v8-m.main/fpv5-sp/softfp/crtn.o
 *(.fini)
 .fini          0x0000000000001eb8        0x4 /Applications/Simplicity Studio.app/Contents/Eclipse/developer/toolchains/gnu_arm/7.2_2017q4/bin/../lib/gcc/arm-none-eabi/7.2.1/thumb/v8-m.main/fpv5-sp/softfp/crti.o
                0x0000000000001eb8                _fini
 .fini          0x0000000000001ebc        0x8 /Applications/Simplicity Studio.app/Contents/Eclipse/developer/toolchains/gnu_arm/7.2_2017q4/bin/../lib/gcc/arm-none-eabi/7.2.1/thumb/v8-m.main/fpv5-sp/softfp/crtn.o
 *crtbegin.o(.ctors)
 *crtbegin?.o(.ctors)
 *(EXCLUDE_FILE(*crtend.o *crtend?.o) .ctors)
 *(SORT_BY_NAME(.ctors.*))
 *(.ctors)
 *crtbegin.o(.dtors)
 *crtbegin?.o(.dtors)
 *(EXCLUDE_FILE(*crtend.o *crtend?.o) .dtors)
 *(SORT_BY_NAME(.dtors.*))
 *(.dtors)
 *(.rodata*)
 .rodata.CSWTCH.40
                0x0000000000001ec4       0x30 ./emlib/em_cmu.o
 .rodata.CSWTCH.41
                0x0000000000001ef4       0x10 ./emlib/em_cmu.o
 .rodata.CSWTCH.42
                0x0000000000001f04        0xc ./emlib/em_cmu.o
 .rodata.CSWTCH.44
                0x0000000000001f10       0x18 ./emlib/em_cmu.o
 .rodata.CSWTCH.46
                0x0000000000001f28       0x14 ./emlib/em_cmu.o
 .rodata        0x0000000000001f3c       0x1c ./src/single_iadc.o
 .rodata._global_impure_ptr
                0x0000000000001f58        0x4 /Applications/Simplicity Studio.app/Contents/Eclipse/developer/toolchains/gnu_arm/7.2_2017q4/bin/../lib/gcc/arm-none-eabi/7.2.1/../../../../arm-none-eabi/lib/thumb/v8-m.main/fpv5-sp/softfp/libc_nano.a(lib_a-impure.o)
                0x0000000000001f58                _global_impure_ptr
 *(.eh_frame*)
 .eh_frame      0x0000000000001f5c        0x0 /Applications/Simplicity Studio.app/Contents/Eclipse/developer/toolchains/gnu_arm/7.2_2017q4/bin/../lib/gcc/arm-none-eabi/7.2.1/thumb/v8-m.main/fpv5-sp/softfp/crtbegin.o
 .eh_frame      0x0000000000001f5c        0x4 /Applications/Simplicity Studio.app/Contents/Eclipse/developer/toolchains/gnu_arm/7.2_2017q4/bin/../lib/gcc/arm-none-eabi/7.2.1/thumb/v8-m.main/fpv5-sp/softfp/crtend.o

.glue_7         0x0000000000001f60        0x0
 .glue_7        0x0000000000001f60        0x0 linker stubs

.glue_7t        0x0000000000001f60        0x0
 .glue_7t       0x0000000000001f60        0x0 linker stubs

.vfp11_veneer   0x0000000000001f60        0x0
 .vfp11_veneer  0x0000000000001f60        0x0 linker stubs

.v4_bx          0x0000000000001f60        0x0
 .v4_bx         0x0000000000001f60        0x0 linker stubs

.iplt           0x0000000000001f60        0x0
 .iplt          0x0000000000001f60        0x0 /Applications/Simplicity Studio.app/Contents/Eclipse/developer/toolchains/gnu_arm/7.2_2017q4/bin/../lib/gcc/arm-none-eabi/7.2.1/thumb/v8-m.main/fpv5-sp/softfp/crtbegin.o

.ARM.extab
 *(.ARM.extab* .gnu.linkonce.armextab.*)
                0x0000000000001f60                __exidx_start = .

.ARM.exidx      0x0000000000001f60        0x8
 *(.ARM.exidx* .gnu.linkonce.armexidx.*)
 .ARM.exidx     0x0000000000001f60        0x8 /Applications/Simplicity Studio.app/Contents/Eclipse/developer/toolchains/gnu_arm/7.2_2017q4/bin/../lib/gcc/arm-none-eabi/7.2.1/../../../../arm-none-eabi/lib/thumb/v8-m.main/fpv5-sp/softfp/crt0.o
                0x0000000000001f68                __exidx_end = .
                0x0000000000001f68                __etext = .

.rel.dyn        0x0000000000001f68        0x0
 .rel.iplt      0x0000000000001f68        0x0 /Applications/Simplicity Studio.app/Contents/Eclipse/developer/toolchains/gnu_arm/7.2_2017q4/bin/../lib/gcc/arm-none-eabi/7.2.1/thumb/v8-m.main/fpv5-sp/softfp/crtbegin.o

.data           0x0000000020000000       0x78 load address 0x0000000000001f68
                0x0000000020000000                __data_start__ = .
 *(vtable)
 *(.data*)
 .data.SystemCoreClock
                0x0000000020000000        0x4 ./CMSIS/EFR32MG21/system_efr32mg21.o
                0x0000000020000000                SystemCoreClock
 .data.SystemHFRCODPLLClock
                0x0000000020000004        0x4 ./CMSIS/EFR32MG21/system_efr32mg21.o
 .data.SystemHFXOClock
                0x0000000020000008        0x4 ./CMSIS/EFR32MG21/system_efr32mg21.o
 .data.SystemLFXOClock
                0x000000002000000c        0x4 ./CMSIS/EFR32MG21/system_efr32mg21.o
 .data.impure_data
                0x0000000020000010       0x60 /Applications/Simplicity Studio.app/Contents/Eclipse/developer/toolchains/gnu_arm/7.2_2017q4/bin/../lib/gcc/arm-none-eabi/7.2.1/../../../../arm-none-eabi/lib/thumb/v8-m.main/fpv5-sp/softfp/libc_nano.a(lib_a-impure.o)
                0x0000000020000070                . = ALIGN (0x4)
 *(.ram)
                0x0000000020000070                . = ALIGN (0x4)
                0x0000000020000070                PROVIDE (__preinit_array_start, .)
 *(.preinit_array)
                0x0000000020000070                PROVIDE (__preinit_array_end, .)
                0x0000000020000070                . = ALIGN (0x4)
                0x0000000020000070                PROVIDE (__init_array_start, .)
 *(SORT_BY_NAME(.init_array.*))
 *(.init_array)
 .init_array    0x0000000020000070        0x4 /Applications/Simplicity Studio.app/Contents/Eclipse/developer/toolchains/gnu_arm/7.2_2017q4/bin/../lib/gcc/arm-none-eabi/7.2.1/thumb/v8-m.main/fpv5-sp/softfp/crtbegin.o
                0x0000000020000074                PROVIDE (__init_array_end, .)
                0x0000000020000074                . = ALIGN (0x4)
                [!provide]                        PROVIDE (__fini_array_start, .)
 *(SORT_BY_NAME(.fini_array.*))
 *(.fini_array)
 .fini_array    0x0000000020000074        0x4 /Applications/Simplicity Studio.app/Contents/Eclipse/developer/toolchains/gnu_arm/7.2_2017q4/bin/../lib/gcc/arm-none-eabi/7.2.1/thumb/v8-m.main/fpv5-sp/softfp/crtbegin.o
                [!provide]                        PROVIDE (__fini_array_end, .)
 *(.jcr*)
                0x0000000020000078                . = ALIGN (0x4)
                0x0000000020000078                __data_end__ = .

.igot.plt       0x0000000020000078        0x0 load address 0x0000000000001fe0
 .igot.plt      0x0000000020000078        0x0 /Applications/Simplicity Studio.app/Contents/Eclipse/developer/toolchains/gnu_arm/7.2_2017q4/bin/../lib/gcc/arm-none-eabi/7.2.1/thumb/v8-m.main/fpv5-sp/softfp/crtbegin.o

.bss            0x0000000020000078     0x11f4 load address 0x0000000000001fe0
                0x0000000020000078                . = ALIGN (0x4)
                0x0000000020000078                __bss_start__ = .
 *(.bss*)
 .bss           0x0000000020000078       0x1c /Applications/Simplicity Studio.app/Contents/Eclipse/developer/toolchains/gnu_arm/7.2_2017q4/bin/../lib/gcc/arm-none-eabi/7.2.1/thumb/v8-m.main/fpv5-sp/softfp/crtbegin.o
 .bss.i.12980   0x0000000020000094        0x2 ./src/single_iadc.o
 *fill*         0x0000000020000096        0x2 
 .bss.sample    0x0000000020000098        0x8 ./src/single_iadc.o
 .bss.singleResult
                0x00000000200000a0        0x8 ./src/single_iadc.o
 *(COMMON)
 COMMON         0x00000000200000a8     0x1011 ./src/main_scan_ldma.o
                0x00000000200000a8                descriptor
                0x00000000200000b8                scanBuffer
                0x00000000200010b8                singleFlag
 *fill*         0x00000000200010b9        0x3 
 COMMON         0x00000000200010bc      0x1b0 ./src/single_iadc.o
                0x00000000200010bc                descLink
                0x00000000200010dc                pongBuffer
                0x00000000200011a4                pingBuffer
                0x000000002000126c                . = ALIGN (0x4)
                0x000000002000126c                __bss_end__ = .

.heap           0x0000000020001270      0xc00
                0x0000000020001270                __HeapBase = .
                0x0000000020001270                __end__ = .
                0x0000000020001270                end = __end__
                0x0000000020001270                _end = __end__
 *(.heap*)
 .heap          0x0000000020001270      0xc00 ./CMSIS/EFR32MG21/startup_efr32mg21.o
                0x0000000020001e70                __HeapLimit = .

.stack_dummy    0x0000000020001270      0x400
 *(.stack*)
 .stack         0x0000000020001270      0x400 ./CMSIS/EFR32MG21/startup_efr32mg21.o
                0x0000000020018000                __StackTop = (ORIGIN (RAM) + LENGTH (RAM))
                0x0000000020017c00                __StackLimit = (__StackTop - SIZEOF (.stack_dummy))
                0x0000000020018000                PROVIDE (__stack, __StackTop)
                0x0000000000000001                ASSERT ((__StackLimit >= __HeapLimit), region RAM overflowed with stack)
                0x0000000000000001                ASSERT ((LENGTH (FLASH) >= (__etext + SIZEOF (.data))), FLASH memory overflowed !)
OUTPUT(BRD4181A_EFR32MG21_iadc_scan_ldma.axf elf32-littlearm)

.ARM.attributes
                0x0000000000000000       0x34
 .ARM.attributes
                0x0000000000000000       0x26 /Applications/Simplicity Studio.app/Contents/Eclipse/developer/toolchains/gnu_arm/7.2_2017q4/bin/../lib/gcc/arm-none-eabi/7.2.1/thumb/v8-m.main/fpv5-sp/softfp/crti.o
 .ARM.attributes
                0x0000000000000026       0x36 /Applications/Simplicity Studio.app/Contents/Eclipse/developer/toolchains/gnu_arm/7.2_2017q4/bin/../lib/gcc/arm-none-eabi/7.2.1/thumb/v8-m.main/fpv5-sp/softfp/crtbegin.o
 .ARM.attributes
                0x000000000000005c       0x24 /Applications/Simplicity Studio.app/Contents/Eclipse/developer/toolchains/gnu_arm/7.2_2017q4/bin/../lib/gcc/arm-none-eabi/7.2.1/../../../../arm-none-eabi/lib/thumb/v8-m.main/fpv5-sp/softfp/crt0.o
 .ARM.attributes
                0x0000000000000080       0x24 ./CMSIS/EFR32MG21/startup_efr32mg21.o
 .ARM.attributes
                0x00000000000000a4       0x3a ./CMSIS/EFR32MG21/system_efr32mg21.o
 .ARM.attributes
                0x00000000000000de       0x3a ./emlib/em_cmu.o
 .ARM.attributes
                0x0000000000000118       0x3a ./emlib/em_core.o
 .ARM.attributes
                0x0000000000000152       0x3a ./emlib/em_gpio.o
 .ARM.attributes
                0x000000000000018c       0x3a ./emlib/em_iadc.o
 .ARM.attributes
                0x00000000000001c6       0x3a ./emlib/em_ldma.o
 .ARM.attributes
                0x0000000000000200       0x3a ./emlib/em_system.o
 .ARM.attributes
                0x000000000000023a       0x3a ./src/main_scan_ldma.o
 .ARM.attributes
                0x0000000000000274       0x3a ./src/single_iadc.o
 .ARM.attributes
                0x00000000000002ae       0x26 /Applications/Simplicity Studio.app/Contents/Eclipse/developer/toolchains/gnu_arm/7.2_2017q4/bin/../lib/gcc/arm-none-eabi/7.2.1/thumb/v8-m.main/fpv5-sp/softfp/libgcc.a(_arm_addsubdf3.o)
 .ARM.attributes
                0x00000000000002d4       0x26 /Applications/Simplicity Studio.app/Contents/Eclipse/developer/toolchains/gnu_arm/7.2_2017q4/bin/../lib/gcc/arm-none-eabi/7.2.1/thumb/v8-m.main/fpv5-sp/softfp/libgcc.a(_arm_muldivdf3.o)
 .ARM.attributes
                0x00000000000002fa       0x36 /Applications/Simplicity Studio.app/Contents/Eclipse/developer/toolchains/gnu_arm/7.2_2017q4/bin/../lib/gcc/arm-none-eabi/7.2.1/../../../../arm-none-eabi/lib/thumb/v8-m.main/fpv5-sp/softfp/libc_nano.a(lib_a-exit.o)
 .ARM.attributes
                0x0000000000000330       0x36 /Applications/Simplicity Studio.app/Contents/Eclipse/developer/toolchains/gnu_arm/7.2_2017q4/bin/../lib/gcc/arm-none-eabi/7.2.1/../../../../arm-none-eabi/lib/thumb/v8-m.main/fpv5-sp/softfp/libc_nano.a(lib_a-impure.o)
 .ARM.attributes
                0x0000000000000366       0x36 /Applications/Simplicity Studio.app/Contents/Eclipse/developer/toolchains/gnu_arm/7.2_2017q4/bin/../lib/gcc/arm-none-eabi/7.2.1/../../../../arm-none-eabi/lib/thumb/v8-m.main/fpv5-sp/softfp/libc_nano.a(lib_a-init.o)
 .ARM.attributes
                0x000000000000039c       0x36 /Applications/Simplicity Studio.app/Contents/Eclipse/developer/toolchains/gnu_arm/7.2_2017q4/bin/../lib/gcc/arm-none-eabi/7.2.1/../../../../arm-none-eabi/lib/thumb/v8-m.main/fpv5-sp/softfp/libc_nano.a(lib_a-memset.o)
 .ARM.attributes
                0x00000000000003d2       0x36 /Applications/Simplicity Studio.app/Contents/Eclipse/developer/toolchains/gnu_arm/7.2_2017q4/bin/../lib/gcc/arm-none-eabi/7.2.1/../../../../arm-none-eabi/lib/thumb/v8-m.main/fpv5-sp/softfp/libnosys.a(_exit.o)
 .ARM.attributes
                0x0000000000000408       0x36 /Applications/Simplicity Studio.app/Contents/Eclipse/developer/toolchains/gnu_arm/7.2_2017q4/bin/../lib/gcc/arm-none-eabi/7.2.1/thumb/v8-m.main/fpv5-sp/softfp/crtend.o
 .ARM.attributes
                0x000000000000043e       0x26 /Applications/Simplicity Studio.app/Contents/Eclipse/developer/toolchains/gnu_arm/7.2_2017q4/bin/../lib/gcc/arm-none-eabi/7.2.1/thumb/v8-m.main/fpv5-sp/softfp/crtn.o

.comment        0x0000000000000000       0x7e
 .comment       0x0000000000000000       0x7e ./CMSIS/EFR32MG21/system_efr32mg21.o
                                         0x7f (size before relaxing)
 .comment       0x000000000000007e       0x7f ./emlib/em_cmu.o
 .comment       0x000000000000007e       0x7f ./emlib/em_core.o
 .comment       0x000000000000007e       0x7f ./emlib/em_gpio.o
 .comment       0x000000000000007e       0x7f ./emlib/em_iadc.o
 .comment       0x000000000000007e       0x7f ./emlib/em_ldma.o
 .comment       0x000000000000007e       0x7f ./emlib/em_system.o
 .comment       0x000000000000007e       0x7f ./src/main_scan_ldma.o
 .comment       0x000000000000007e       0x7f ./src/single_iadc.o

.debug_line     0x0000000000000000     0x6ae5
 .debug_line    0x0000000000000000       0xe9 ./CMSIS/EFR32MG21/startup_efr32mg21.o
 .debug_line    0x00000000000000e9      0x9ae ./CMSIS/EFR32MG21/system_efr32mg21.o
 .debug_line    0x0000000000000a97     0x116e ./emlib/em_cmu.o
 .debug_line    0x0000000000001c05      0xb31 ./emlib/em_core.o
 .debug_line    0x0000000000002736      0x9d8 ./emlib/em_gpio.o
 .debug_line    0x000000000000310e      0xe27 ./emlib/em_iadc.o
 .debug_line    0x0000000000003f35      0xa97 ./emlib/em_ldma.o
 .debug_line    0x00000000000049cc      0x912 ./emlib/em_system.o
 .debug_line    0x00000000000052de      0xc12 ./src/main_scan_ldma.o
 .debug_line    0x0000000000005ef0      0xbf5 ./src/single_iadc.o

.debug_info     0x0000000000000000    0x1654a
 .debug_info    0x0000000000000000       0x26 ./CMSIS/EFR32MG21/startup_efr32mg21.o
 .debug_info    0x0000000000000026     0x13ae ./CMSIS/EFR32MG21/system_efr32mg21.o
 .debug_info    0x00000000000013d4     0x53ca ./emlib/em_cmu.o
 .debug_info    0x000000000000679e     0x103f ./emlib/em_core.o
 .debug_info    0x00000000000077dd     0x1bd2 ./emlib/em_gpio.o
 .debug_info    0x00000000000093af     0x235a ./emlib/em_iadc.o
 .debug_info    0x000000000000b709     0x19c4 ./emlib/em_ldma.o
 .debug_info    0x000000000000d0cd      0x816 ./emlib/em_system.o
 .debug_info    0x000000000000d8e3     0x4dc5 ./src/main_scan_ldma.o
 .debug_info    0x00000000000126a8     0x3ea2 ./src/single_iadc.o

.debug_abbrev   0x0000000000000000     0x1dca
 .debug_abbrev  0x0000000000000000       0x14 ./CMSIS/EFR32MG21/startup_efr32mg21.o
 .debug_abbrev  0x0000000000000014      0x2bf ./CMSIS/EFR32MG21/system_efr32mg21.o
 .debug_abbrev  0x00000000000002d3      0x493 ./emlib/em_cmu.o
 .debug_abbrev  0x0000000000000766      0x35c ./emlib/em_core.o
 .debug_abbrev  0x0000000000000ac2      0x311 ./emlib/em_gpio.o
 .debug_abbrev  0x0000000000000dd3      0x3ec ./emlib/em_iadc.o
 .debug_abbrev  0x00000000000011bf      0x36c ./emlib/em_ldma.o
 .debug_abbrev  0x000000000000152b      0x192 ./emlib/em_system.o
 .debug_abbrev  0x00000000000016bd      0x3c4 ./src/main_scan_ldma.o
 .debug_abbrev  0x0000000000001a81      0x349 ./src/single_iadc.o

.debug_aranges  0x0000000000000000      0x430
 .debug_aranges
                0x0000000000000000       0x20 ./CMSIS/EFR32MG21/startup_efr32mg21.o
 .debug_aranges
                0x0000000000000020       0x90 ./CMSIS/EFR32MG21/system_efr32mg21.o
 .debug_aranges
                0x00000000000000b0      0x110 ./emlib/em_cmu.o
 .debug_aranges
                0x00000000000001c0       0xb8 ./emlib/em_core.o
 .debug_aranges
                0x0000000000000278       0x40 ./emlib/em_gpio.o
 .debug_aranges
                0x00000000000002b8       0x88 ./emlib/em_iadc.o
 .debug_aranges
                0x0000000000000340       0x50 ./emlib/em_ldma.o
 .debug_aranges
                0x0000000000000390       0x28 ./emlib/em_system.o
 .debug_aranges
                0x00000000000003b8       0x40 ./src/main_scan_ldma.o
 .debug_aranges
                0x00000000000003f8       0x38 ./src/single_iadc.o

.debug_str      0x0000000000000000   0x148d82
 .debug_str     0x0000000000000000      0x10b ./CMSIS/EFR32MG21/startup_efr32mg21.o
 .debug_str     0x000000000000010b   0x1398f5 ./CMSIS/EFR32MG21/system_efr32mg21.o
                                     0x139e08 (size before relaxing)
 .debug_str     0x0000000000139a00     0x513b ./emlib/em_cmu.o
                                     0x13eec4 (size before relaxing)
 .debug_str     0x000000000013eb3b      0xd7c ./emlib/em_core.o
                                     0x13a443 (size before relaxing)
 .debug_str     0x000000000013f8b7      0x419 ./emlib/em_gpio.o
                                     0x13a9e7 (size before relaxing)
 .debug_str     0x000000000013fcd0     0x202c ./emlib/em_iadc.o
                                     0x13cd93 (size before relaxing)
 .debug_str     0x0000000000141cfc     0x33e5 ./emlib/em_ldma.o
                                     0x13e6f3 (size before relaxing)
 .debug_str     0x00000000001450e1      0x117 ./emlib/em_system.o
                                     0x139b55 (size before relaxing)
 .debug_str     0x00000000001451f8     0x391e ./src/main_scan_ldma.o
                                     0x1458ce (size before relaxing)
 .debug_str     0x0000000000148b16      0x26c ./src/single_iadc.o
                                     0x145495 (size before relaxing)

.debug_loc      0x0000000000000000     0x4c32
 .debug_loc     0x0000000000000000      0x120 ./CMSIS/EFR32MG21/system_efr32mg21.o
 .debug_loc     0x0000000000000120     0x2448 ./emlib/em_cmu.o
 .debug_loc     0x0000000000002568      0x6b2 ./emlib/em_core.o
 .debug_loc     0x0000000000002c1a      0x5ad ./emlib/em_gpio.o
 .debug_loc     0x00000000000031c7     0x1079 ./emlib/em_iadc.o
 .debug_loc     0x0000000000004240      0x4ef ./emlib/em_ldma.o
 .debug_loc     0x000000000000472f       0x86 ./emlib/em_system.o
 .debug_loc     0x00000000000047b5      0x33e ./src/main_scan_ldma.o
 .debug_loc     0x0000000000004af3      0x13f ./src/single_iadc.o

.debug_ranges   0x0000000000000000      0x928
 .debug_ranges  0x0000000000000000       0x98 ./CMSIS/EFR32MG21/system_efr32mg21.o
 .debug_ranges  0x0000000000000098      0x190 ./emlib/em_cmu.o
 .debug_ranges  0x0000000000000228       0xf0 ./emlib/em_core.o
 .debug_ranges  0x0000000000000318      0x128 ./emlib/em_gpio.o
 .debug_ranges  0x0000000000000440      0x2a8 ./emlib/em_iadc.o
 .debug_ranges  0x00000000000006e8       0xc8 ./emlib/em_ldma.o
 .debug_ranges  0x00000000000007b0       0x18 ./emlib/em_system.o
 .debug_ranges  0x00000000000007c8       0xd0 ./src/main_scan_ldma.o
 .debug_ranges  0x0000000000000898       0x90 ./src/single_iadc.o

.debug_macro    0x0000000000000000    0x30b9a
 .debug_macro   0x0000000000000000      0x2ba ./CMSIS/EFR32MG21/system_efr32mg21.o
 .debug_macro   0x00000000000002ba      0xa4e ./CMSIS/EFR32MG21/system_efr32mg21.o
 .debug_macro   0x0000000000000d08       0x22 ./CMSIS/EFR32MG21/system_efr32mg21.o
 .debug_macro   0x0000000000000d2a       0x4f ./CMSIS/EFR32MG21/system_efr32mg21.o
 .debug_macro   0x0000000000000d79       0x51 ./CMSIS/EFR32MG21/system_efr32mg21.o
 .debug_macro   0x0000000000000dca       0xef ./CMSIS/EFR32MG21/system_efr32mg21.o
 .debug_macro   0x0000000000000eb9       0x6a ./CMSIS/EFR32MG21/system_efr32mg21.o
 .debug_macro   0x0000000000000f23      0x1df ./CMSIS/EFR32MG21/system_efr32mg21.o
 .debug_macro   0x0000000000001102      0x6af ./CMSIS/EFR32MG21/system_efr32mg21.o
 .debug_macro   0x00000000000017b1       0x1c ./CMSIS/EFR32MG21/system_efr32mg21.o
 .debug_macro   0x00000000000017cd       0x29 ./CMSIS/EFR32MG21/system_efr32mg21.o
 .debug_macro   0x00000000000017f6       0xdf ./CMSIS/EFR32MG21/system_efr32mg21.o
 .debug_macro   0x00000000000018d5     0x1401 ./CMSIS/EFR32MG21/system_efr32mg21.o
 .debug_macro   0x0000000000002cd6       0x5e ./CMSIS/EFR32MG21/system_efr32mg21.o
 .debug_macro   0x0000000000002d34      0xc3b ./CMSIS/EFR32MG21/system_efr32mg21.o
 .debug_macro   0x000000000000396f      0xaba ./CMSIS/EFR32MG21/system_efr32mg21.o
 .debug_macro   0x0000000000004429      0x813 ./CMSIS/EFR32MG21/system_efr32mg21.o
 .debug_macro   0x0000000000004c3c      0x300 ./CMSIS/EFR32MG21/system_efr32mg21.o
 .debug_macro   0x0000000000004f3c       0x34 ./CMSIS/EFR32MG21/system_efr32mg21.o
 .debug_macro   0x0000000000004f70      0x304 ./CMSIS/EFR32MG21/system_efr32mg21.o
 .debug_macro   0x0000000000005274      0x456 ./CMSIS/EFR32MG21/system_efr32mg21.o
 .debug_macro   0x00000000000056ca      0x240 ./CMSIS/EFR32MG21/system_efr32mg21.o
 .debug_macro   0x000000000000590a      0x156 ./CMSIS/EFR32MG21/system_efr32mg21.o
 .debug_macro   0x0000000000005a60      0x6e6 ./CMSIS/EFR32MG21/system_efr32mg21.o
 .debug_macro   0x0000000000006146      0x363 ./CMSIS/EFR32MG21/system_efr32mg21.o
 .debug_macro   0x00000000000064a9     0x14e6 ./CMSIS/EFR32MG21/system_efr32mg21.o
 .debug_macro   0x000000000000798f       0x10 ./CMSIS/EFR32MG21/system_efr32mg21.o
 .debug_macro   0x000000000000799f      0x791 ./CMSIS/EFR32MG21/system_efr32mg21.o
 .debug_macro   0x0000000000008130     0x1fd8 ./CMSIS/EFR32MG21/system_efr32mg21.o
 .debug_macro   0x000000000000a108      0xcb2 ./CMSIS/EFR32MG21/system_efr32mg21.o
 .debug_macro   0x000000000000adba       0x4c ./CMSIS/EFR32MG21/system_efr32mg21.o
 .debug_macro   0x000000000000ae06     0x15b8 ./CMSIS/EFR32MG21/system_efr32mg21.o
 .debug_macro   0x000000000000c3be     0x212d ./CMSIS/EFR32MG21/system_efr32mg21.o
 .debug_macro   0x000000000000e4eb      0x53c ./CMSIS/EFR32MG21/system_efr32mg21.o
 .debug_macro   0x000000000000ea27      0xfe5 ./CMSIS/EFR32MG21/system_efr32mg21.o
 .debug_macro   0x000000000000fa0c       0x10 ./CMSIS/EFR32MG21/system_efr32mg21.o
 .debug_macro   0x000000000000fa1c      0x7f0 ./CMSIS/EFR32MG21/system_efr32mg21.o
 .debug_macro   0x000000000001020c       0x34 ./CMSIS/EFR32MG21/system_efr32mg21.o
 .debug_macro   0x0000000000010240      0x308 ./CMSIS/EFR32MG21/system_efr32mg21.o
 .debug_macro   0x0000000000010548      0x63c ./CMSIS/EFR32MG21/system_efr32mg21.o
 .debug_macro   0x0000000000010b84      0x80a ./CMSIS/EFR32MG21/system_efr32mg21.o
 .debug_macro   0x000000000001138e     0x12a1 ./CMSIS/EFR32MG21/system_efr32mg21.o
 .debug_macro   0x000000000001262f      0x76b ./CMSIS/EFR32MG21/system_efr32mg21.o
 .debug_macro   0x0000000000012d9a      0x8f3 ./CMSIS/EFR32MG21/system_efr32mg21.o
 .debug_macro   0x000000000001368d     0x132d ./CMSIS/EFR32MG21/system_efr32mg21.o
 .debug_macro   0x00000000000149ba      0xd92 ./CMSIS/EFR32MG21/system_efr32mg21.o
 .debug_macro   0x000000000001574c      0x688 ./CMSIS/EFR32MG21/system_efr32mg21.o
 .debug_macro   0x0000000000015dd4      0x425 ./CMSIS/EFR32MG21/system_efr32mg21.o
 .debug_macro   0x00000000000161f9      0x3c3 ./CMSIS/EFR32MG21/system_efr32mg21.o
 .debug_macro   0x00000000000165bc     0x243d ./CMSIS/EFR32MG21/system_efr32mg21.o
 .debug_macro   0x00000000000189f9     0x12c4 ./CMSIS/EFR32MG21/system_efr32mg21.o
 .debug_macro   0x0000000000019cbd      0x319 ./CMSIS/EFR32MG21/system_efr32mg21.o
 .debug_macro   0x0000000000019fd6     0x4b42 ./CMSIS/EFR32MG21/system_efr32mg21.o
 .debug_macro   0x000000000001eb18     0x151e ./CMSIS/EFR32MG21/system_efr32mg21.o
 .debug_macro   0x0000000000020036     0x217a ./CMSIS/EFR32MG21/system_efr32mg21.o
 .debug_macro   0x00000000000221b0     0x77cd ./CMSIS/EFR32MG21/system_efr32mg21.o
 .debug_macro   0x000000000002997d     0x1440 ./CMSIS/EFR32MG21/system_efr32mg21.o
 .debug_macro   0x000000000002adbd     0x19a0 ./CMSIS/EFR32MG21/system_efr32mg21.o
 .debug_macro   0x000000000002c75d      0x345 ./CMSIS/EFR32MG21/system_efr32mg21.o
 .debug_macro   0x000000000002caa2      0xff5 ./CMSIS/EFR32MG21/system_efr32mg21.o
 .debug_macro   0x000000000002da97      0x373 ./emlib/em_cmu.o
 .debug_macro   0x000000000002de0a       0x22 ./emlib/em_cmu.o
 .debug_macro   0x000000000002de2c       0x10 ./emlib/em_cmu.o
 .debug_macro   0x000000000002de3c       0xdc ./emlib/em_cmu.o
 .debug_macro   0x000000000002df18       0x69 ./emlib/em_cmu.o
 .debug_macro   0x000000000002df81       0x6b ./emlib/em_cmu.o
 .debug_macro   0x000000000002dfec      0x16d ./emlib/em_cmu.o
 .debug_macro   0x000000000002e159       0x58 ./emlib/em_cmu.o
 .debug_macro   0x000000000002e1b1      0x34d ./emlib/em_cmu.o
 .debug_macro   0x000000000002e4fe       0x25 ./emlib/em_cmu.o
 .debug_macro   0x000000000002e523       0xee ./emlib/em_cmu.o
 .debug_macro   0x000000000002e611       0x1f ./emlib/em_cmu.o
 .debug_macro   0x000000000002e630      0x2da ./emlib/em_core.o
 .debug_macro   0x000000000002e90a       0x63 ./emlib/em_core.o
 .debug_macro   0x000000000002e96d       0xba ./emlib/em_core.o
 .debug_macro   0x000000000002ea27      0x2c1 ./emlib/em_gpio.o
 .debug_macro   0x000000000002ece8       0xd6 ./emlib/em_gpio.o
 .debug_macro   0x000000000002edbe      0x348 ./emlib/em_iadc.o
 .debug_macro   0x000000000002f106       0x3c ./emlib/em_iadc.o
 .debug_macro   0x000000000002f142      0x2f0 ./emlib/em_ldma.o
 .debug_macro   0x000000000002f432       0xba ./emlib/em_ldma.o
 .debug_macro   0x000000000002f4ec      0x2af ./emlib/em_system.o
 .debug_macro   0x000000000002f79b      0x451 ./src/main_scan_ldma.o
 .debug_macro   0x000000000002fbec       0x17 ./src/main_scan_ldma.o
 .debug_macro   0x000000000002fc03       0x35 ./src/main_scan_ldma.o
 .debug_macro   0x000000000002fc38       0x9c ./src/main_scan_ldma.o
 .debug_macro   0x000000000002fcd4       0x16 ./src/main_scan_ldma.o
 .debug_macro   0x000000000002fcea       0x57 ./src/main_scan_ldma.o
 .debug_macro   0x000000000002fd41       0x97 ./src/main_scan_ldma.o
 .debug_macro   0x000000000002fdd8       0xf6 ./src/main_scan_ldma.o
 .debug_macro   0x000000000002fece       0x10 ./src/main_scan_ldma.o
 .debug_macro   0x000000000002fede       0x58 ./src/main_scan_ldma.o
 .debug_macro   0x000000000002ff36       0x1f ./src/main_scan_ldma.o
 .debug_macro   0x000000000002ff55       0x43 ./src/main_scan_ldma.o
 .debug_macro   0x000000000002ff98       0x20 ./src/main_scan_ldma.o
 .debug_macro   0x000000000002ffb8      0x18e ./src/main_scan_ldma.o
 .debug_macro   0x0000000000030146       0x10 ./src/main_scan_ldma.o
 .debug_macro   0x0000000000030156       0xb6 ./src/main_scan_ldma.o
 .debug_macro   0x000000000003020c       0x16 ./src/main_scan_ldma.o
 .debug_macro   0x0000000000030222      0x129 ./src/main_scan_ldma.o
 .debug_macro   0x000000000003034b       0x42 ./src/main_scan_ldma.o
 .debug_macro   0x000000000003038d       0xc0 ./src/main_scan_ldma.o
 .debug_macro   0x000000000003044d       0xff ./src/main_scan_ldma.o
 .debug_macro   0x000000000003054c       0x76 ./src/main_scan_ldma.o
 .debug_macro   0x00000000000305c2       0xf1 ./src/main_scan_ldma.o
 .debug_macro   0x00000000000306b3       0x3a ./src/main_scan_ldma.o
 .debug_macro   0x00000000000306ed      0x4ad ./src/single_iadc.o

.debug_frame    0x0000000000000000      0xcdc
 .debug_frame   0x0000000000000000      0x100 ./CMSIS/EFR32MG21/system_efr32mg21.o
 .debug_frame   0x0000000000000100      0x348 ./emlib/em_cmu.o
 .debug_frame   0x0000000000000448      0x224 ./emlib/em_core.o
 .debug_frame   0x000000000000066c       0x98 ./emlib/em_gpio.o
 .debug_frame   0x0000000000000704      0x200 ./emlib/em_iadc.o
 .debug_frame   0x0000000000000904       0xe0 ./emlib/em_ldma.o
 .debug_frame   0x00000000000009e4       0x30 ./emlib/em_system.o
 .debug_frame   0x0000000000000a14       0xa4 ./src/main_scan_ldma.o
 .debug_frame   0x0000000000000ab8       0x94 ./src/single_iadc.o
 .debug_frame   0x0000000000000b4c       0xac /Applications/Simplicity Studio.app/Contents/Eclipse/developer/toolchains/gnu_arm/7.2_2017q4/bin/../lib/gcc/arm-none-eabi/7.2.1/thumb/v8-m.main/fpv5-sp/softfp/libgcc.a(_arm_addsubdf3.o)
 .debug_frame   0x0000000000000bf8       0x50 /Applications/Simplicity Studio.app/Contents/Eclipse/developer/toolchains/gnu_arm/7.2_2017q4/bin/../lib/gcc/arm-none-eabi/7.2.1/thumb/v8-m.main/fpv5-sp/softfp/libgcc.a(_arm_muldivdf3.o)
 .debug_frame   0x0000000000000c48       0x28 /Applications/Simplicity Studio.app/Contents/Eclipse/developer/toolchains/gnu_arm/7.2_2017q4/bin/../lib/gcc/arm-none-eabi/7.2.1/../../../../arm-none-eabi/lib/thumb/v8-m.main/fpv5-sp/softfp/libc_nano.a(lib_a-exit.o)
 .debug_frame   0x0000000000000c70       0x2c /Applications/Simplicity Studio.app/Contents/Eclipse/developer/toolchains/gnu_arm/7.2_2017q4/bin/../lib/gcc/arm-none-eabi/7.2.1/../../../../arm-none-eabi/lib/thumb/v8-m.main/fpv5-sp/softfp/libc_nano.a(lib_a-init.o)
 .debug_frame   0x0000000000000c9c       0x20 /Applications/Simplicity Studio.app/Contents/Eclipse/developer/toolchains/gnu_arm/7.2_2017q4/bin/../lib/gcc/arm-none-eabi/7.2.1/../../../../arm-none-eabi/lib/thumb/v8-m.main/fpv5-sp/softfp/libc_nano.a(lib_a-memset.o)
 .debug_frame   0x0000000000000cbc       0x20 /Applications/Simplicity Studio.app/Contents/Eclipse/developer/toolchains/gnu_arm/7.2_2017q4/bin/../lib/gcc/arm-none-eabi/7.2.1/../../../../arm-none-eabi/lib/thumb/v8-m.main/fpv5-sp/softfp/libnosys.a(_exit.o)
